// Jest Snapshot v1, https://goo.gl/fbAQLP

exports[`<Modal /> snapshot 1`] = `null`;
